// Jest Snapshot v1, https://goo.gl/fbAQLP

exports[`should take a snapshot 1`] = `
<DocumentFragment>
  <div
    class="App"
  >
    <div
      class="sc-hKwDye jMXZju"
    >
      <div
        class="sc-eCImPb iyrDqV"
      >
        IMAGE APPROVAL APPLICATION
      </div>
      <p
        class="sc-pVTFL hFlOfJ"
      >
        APPROVED IMAGES (0)
      </p>
      <div
        class="sc-jrQzAO dYfsqQ"
      >
        <div
          class="sc-jRQBWg iFnklM"
        >
          <svg
            class="approved"
            data-testid="fetch-data"
            preserveAspectRatio="none"
            viewBox="0 0 42 42"
          >
            <path
              d="M37.059,16H26V4.941C26,2.224,23.718,0,21,0s-5,2.224-5,4.941V16H4.941C2.224,16,0,18.282,0,21s2.224,5,4.941,5H16v11.059 C16,39.776,18.282,42,21,42s5-2.224,5-4.941V26h11.059C39.776,26,42,23.718,42,21S39.776,16,37.059,16z"
            />
            <g />
            <g />
            <g />
            <g />
            <g />
            <g />
            <g />
            <g />
            <g />
            <g />
            <g />
            <g />
            <g />
            <g />
            <g />
          </svg>
        </div>
      </div>
      <div
        class="sc-gsDKAQ ljVwHa"
      >
        <svg
          class="addImage"
          data-testid="fetch-data"
          preserveAspectRatio="none"
          viewBox="0 0 42 42"
        >
          <path
            d="M37.059,16H26V4.941C26,2.224,23.718,0,21,0s-5,2.224-5,4.941V16H4.941C2.224,16,0,18.282,0,21s2.224,5,4.941,5H16v11.059 C16,39.776,18.282,42,21,42s5-2.224,5-4.941V26h11.059C39.776,26,42,23.718,42,21S39.776,16,37.059,16z"
          />
          <g />
          <g />
          <g />
          <g />
          <g />
          <g />
          <g />
          <g />
          <g />
          <g />
          <g />
          <g />
          <g />
          <g />
          <g />
        </svg>
      </div>
      <div
        class="sc-dkPtRN cjofvd"
      >
        <p>
          Click on the + in order to get image recommendations
        </p>
      </div>
    </div>
  </div>
</DocumentFragment>
`;
